[2026-05-18 23:30:08:308] [[31merror[39m]: [31mNot authorized, no token[39m
Error: Not authorized, no token
    at file:///C:/Users/neche/projects/ecomerce%20pern/backend/src/middleware/authMiddleware.js:11:15
    at file:///C:/Users/neche/projects/ecomerce%20pern/backend/src/utils/asyncHandler.js:3:28
    at Layer.handleRequest (C:\Users\neche\projects\ecomerce pern\backend\node_modules\router\lib\layer.js:152:17)
    at next (C:\Users\neche\projects\ecomerce pern\backend\node_modules\router\lib\route.js:157:13)
    at Route.dispatch (C:\Users\neche\projects\ecomerce pern\backend\node_modules\router\lib\route.js:117:3)
    at handle (C:\Users\neche\projects\ecomerce pern\backend\node_modules\router\index.js:435:11)
    at Layer.handleRequest (C:\Users\neche\projects\ecomerce pern\backend\node_modules\router\lib\layer.js:152:17)
    at C:\Users\neche\projects\ecomerce pern\backend\node_modules\router\index.js:295:15
    at processParams (C:\Users\neche\projects\ecomerce pern\backend\node_modules\router\index.js:582:12)
    at next (C:\Users\neche\projects\ecomerce pern\backend\node_modules\router\index.js:291:5)
[2026-05-18 23:30:08:308] [[31merror[39m]: [31mNot authorized, no token[39m
Error: Not authorized, no token
    at file:///C:/Users/neche/projects/ecomerce%20pern/backend/src/middleware/authMiddleware.js:11:15
    at file:///C:/Users/neche/projects/ecomerce%20pern/backend/src/utils/asyncHandler.js:3:28
    at Layer.handleRequest (C:\Users\neche\projects\ecomerce pern\backend\node_modules\router\lib\layer.js:152:17)
    at next (C:\Users\neche\projects\ecomerce pern\backend\node_modules\router\lib\route.js:157:13)
    at Route.dispatch (C:\Users\neche\projects\ecomerce pern\backend\node_modules\router\lib\route.js:117:3)
    at handle (C:\Users\neche\projects\ecomerce pern\backend\node_modules\router\index.js:435:11)
    at Layer.handleRequest (C:\Users\neche\projects\ecomerce pern\backend\node_modules\router\lib\layer.js:152:17)
    at C:\Users\neche\projects\ecomerce pern\backend\node_modules\router\index.js:295:15
    at param (C:\Users\neche\projects\ecomerce pern\backend\node_modules\router\index.js:600:14)
    at param (C:\Users\neche\projects\ecomerce pern\backend\node_modules\router\index.js:610:14)
[2026-05-18 23:30:08:308] [[31merror[39m]: [31mToken reuse detected. All sessions terminated.[39m
Error: Token reuse detected. All sessions terminated.
    at Object.refreshAccessToken (file:///C:/Users/neche/projects/ecomerce%20pern/backend/src/services/authService.js:124:19)
    at process.processTicksAndRejections (node:internal/process/task_queues:104:5)
    at async file:///C:/Users/neche/projects/ecomerce%20pern/backend/src/controllers/authController.js:30:20
[2026-05-18 23:30:31:3031] [[31merror[39m]: [31mNot authorized, no token[39m
Error: Not authorized, no token
    at file:///C:/Users/neche/projects/ecomerce%20pern/backend/src/middleware/authMiddleware.js:11:15
    at file:///C:/Users/neche/projects/ecomerce%20pern/backend/src/utils/asyncHandler.js:3:28
    at Layer.handleRequest (C:\Users\neche\projects\ecomerce pern\backend\node_modules\router\lib\layer.js:152:17)
    at next (C:\Users\neche\projects\ecomerce pern\backend\node_modules\router\lib\route.js:157:13)
    at Route.dispatch (C:\Users\neche\projects\ecomerce pern\backend\node_modules\router\lib\route.js:117:3)
    at handle (C:\Users\neche\projects\ecomerce pern\backend\node_modules\router\index.js:435:11)
    at Layer.handleRequest (C:\Users\neche\projects\ecomerce pern\backend\node_modules\router\lib\layer.js:152:17)
    at C:\Users\neche\projects\ecomerce pern\backend\node_modules\router\index.js:295:15
    at processParams (C:\Users\neche\projects\ecomerce pern\backend\node_modules\router\index.js:582:12)
    at next (C:\Users\neche\projects\ecomerce pern\backend\node_modules\router\index.js:291:5)
[2026-05-18 23:30:31:3031] [[31merror[39m]: [31mNot authorized, no token[39m
Error: Not authorized, no token
    at file:///C:/Users/neche/projects/ecomerce%20pern/backend/src/middleware/authMiddleware.js:11:15
    at file:///C:/Users/neche/projects/ecomerce%20pern/backend/src/utils/asyncHandler.js:3:28
    at Layer.handleRequest (C:\Users\neche\projects\ecomerce pern\backend\node_modules\router\lib\layer.js:152:17)
    at next (C:\Users\neche\projects\ecomerce pern\backend\node_modules\router\lib\route.js:157:13)
    at Route.dispatch (C:\Users\neche\projects\ecomerce pern\backend\node_modules\router\lib\route.js:117:3)
    at handle (C:\Users\neche\projects\ecomerce pern\backend\node_modules\router\index.js:435:11)
    at Layer.handleRequest (C:\Users\neche\projects\ecomerce pern\backend\node_modules\router\lib\layer.js:152:17)
    at C:\Users\neche\projects\ecomerce pern\backend\node_modules\router\index.js:295:15
    at processParams (C:\Users\neche\projects\ecomerce pern\backend\node_modules\router\index.js:582:12)
    at next (C:\Users\neche\projects\ecomerce pern\backend\node_modules\router\index.js:291:5)
[2026-05-18 23:30:31:3031] [[31merror[39m]: [31m[39m
[31mInvalid `prisma.refreshToken.create()` invocation:[39m


[31mUnique constraint failed on the fields: (`"tokenHash"`)[39m
PrismaClientKnownRequestError: 
Invalid `prisma.refreshToken.create()` invocation:


Unique constraint failed on the fields: (`"tokenHash"`)
    at zr.handleRequestError (C:\Users\neche\projects\ecomerce pern\backend\node_modules\@prisma\client\runtime\client.js:65:8286)
    at zr.handleAndLogRequestError (C:\Users\neche\projects\ecomerce pern\backend\node_modules\@prisma\client\runtime\client.js:65:7581)
    at zr.request (C:\Users\neche\projects\ecomerce pern\backend\node_modules\@prisma\client\runtime\client.js:65:7288)
    at process.processTicksAndRejections (node:internal/process/task_queues:104:5)
    at async a (C:\Users\neche\projects\ecomerce pern\backend\node_modules\@prisma\client\runtime\client.js:75:6862)
    at async buildAuthPayload (file:///C:/Users/neche/projects/ecomerce%20pern/backend/src/services/authService.js:44:5)
    at async file:///C:/Users/neche/projects/ecomerce%20pern/backend/src/controllers/authController.js:30:20
[2026-05-19 12:39:20:3920] [[31merror[39m]: [31mNot authorized, no token[39m
Error: Not authorized, no token
    at file:///C:/Users/neche/projects/ecomerce%20pern/backend/src/middleware/authMiddleware.js:11:15
    at file:///C:/Users/neche/projects/ecomerce%20pern/backend/src/utils/asyncHandler.js:3:28
    at Layer.handleRequest (C:\Users\neche\projects\ecomerce pern\backend\node_modules\router\lib\layer.js:152:17)
    at next (C:\Users\neche\projects\ecomerce pern\backend\node_modules\router\lib\route.js:157:13)
    at Route.dispatch (C:\Users\neche\projects\ecomerce pern\backend\node_modules\router\lib\route.js:117:3)
    at handle (C:\Users\neche\projects\ecomerce pern\backend\node_modules\router\index.js:435:11)
    at Layer.handleRequest (C:\Users\neche\projects\ecomerce pern\backend\node_modules\router\lib\layer.js:152:17)
    at C:\Users\neche\projects\ecomerce pern\backend\node_modules\router\index.js:295:15
    at processParams (C:\Users\neche\projects\ecomerce pern\backend\node_modules\router\index.js:582:12)
    at next (C:\Users\neche\projects\ecomerce pern\backend\node_modules\router\index.js:291:5)
[2026-05-19 12:45:21:4521] [[31merror[39m]: [31mNot authorized, no token[39m
Error: Not authorized, no token
    at file:///C:/Users/neche/projects/ecomerce%20pern/backend/src/middleware/authMiddleware.js:11:15
    at file:///C:/Users/neche/projects/ecomerce%20pern/backend/src/utils/asyncHandler.js:3:28
    at Layer.handleRequest (C:\Users\neche\projects\ecomerce pern\backend\node_modules\router\lib\layer.js:152:17)
    at next (C:\Users\neche\projects\ecomerce pern\backend\node_modules\router\lib\route.js:157:13)
    at Route.dispatch (C:\Users\neche\projects\ecomerce pern\backend\node_modules\router\lib\route.js:117:3)
    at handle (C:\Users\neche\projects\ecomerce pern\backend\node_modules\router\index.js:435:11)
    at Layer.handleRequest (C:\Users\neche\projects\ecomerce pern\backend\node_modules\router\lib\layer.js:152:17)
    at C:\Users\neche\projects\ecomerce pern\backend\node_modules\router\index.js:295:15
    at processParams (C:\Users\neche\projects\ecomerce pern\backend\node_modules\router\index.js:582:12)
    at next (C:\Users\neche\projects\ecomerce pern\backend\node_modules\router\index.js:291:5)
[2026-05-19 12:45:21:4521] [[31merror[39m]: [31mRefresh token missing[39m
Error: Refresh token missing
    at file:///C:/Users/neche/projects/ecomerce%20pern/backend/src/controllers/authController.js:27:15
    at file:///C:/Users/neche/projects/ecomerce%20pern/backend/src/utils/asyncHandler.js:3:28
    at Layer.handleRequest (C:\Users\neche\projects\ecomerce pern\backend\node_modules\router\lib\layer.js:152:17)
    at next (C:\Users\neche\projects\ecomerce pern\backend\node_modules\router\lib\route.js:157:13)
    at file:///C:/Users/neche/projects/ecomerce%20pern/backend/node_modules/express-rate-limit/dist/index.mjs:970:7
    at process.processTicksAndRejections (node:internal/process/task_queues:104:5)
    at async file:///C:/Users/neche/projects/ecomerce%20pern/backend/node_modules/express-rate-limit/dist/index.mjs:825:5
[2026-05-19 12:45:38:4538] [[31merror[39m]: [31mInvalid email or password[39m
Error: Invalid email or password
    at Object.login (file:///C:/Users/neche/projects/ecomerce%20pern/backend/src/services/authService.js:90:19)
    at async file:///C:/Users/neche/projects/ecomerce%20pern/backend/src/controllers/authController.js:41:20
[2026-05-19 12:55:22:5522] [[31merror[39m]: [31mNot authorized, no token[39m
Error: Not authorized, no token
    at file:///C:/Users/neche/projects/ecomerce%20pern/backend/src/middleware/authMiddleware.js:11:15
    at file:///C:/Users/neche/projects/ecomerce%20pern/backend/src/utils/asyncHandler.js:3:28
    at Layer.handleRequest (C:\Users\neche\projects\ecomerce pern\backend\node_modules\router\lib\layer.js:152:17)
    at next (C:\Users\neche\projects\ecomerce pern\backend\node_modules\router\lib\route.js:157:13)
    at Route.dispatch (C:\Users\neche\projects\ecomerce pern\backend\node_modules\router\lib\route.js:117:3)
    at handle (C:\Users\neche\projects\ecomerce pern\backend\node_modules\router\index.js:435:11)
    at Layer.handleRequest (C:\Users\neche\projects\ecomerce pern\backend\node_modules\router\lib\layer.js:152:17)
    at C:\Users\neche\projects\ecomerce pern\backend\node_modules\router\index.js:295:15
    at processParams (C:\Users\neche\projects\ecomerce pern\backend\node_modules\router\index.js:582:12)
    at next (C:\Users\neche\projects\ecomerce pern\backend\node_modules\router\index.js:291:5)
[2026-05-19 12:55:23:5523] [[31merror[39m]: [31mRefresh token missing[39m
Error: Refresh token missing
    at file:///C:/Users/neche/projects/ecomerce%20pern/backend/src/controllers/authController.js:27:15
    at file:///C:/Users/neche/projects/ecomerce%20pern/backend/src/utils/asyncHandler.js:3:28
    at Layer.handleRequest (C:\Users\neche\projects\ecomerce pern\backend\node_modules\router\lib\layer.js:152:17)
    at next (C:\Users\neche\projects\ecomerce pern\backend\node_modules\router\lib\route.js:157:13)
    at file:///C:/Users/neche/projects/ecomerce%20pern/backend/node_modules/express-rate-limit/dist/index.mjs:970:7
    at process.processTicksAndRejections (node:internal/process/task_queues:104:5)
    at async file:///C:/Users/neche/projects/ecomerce%20pern/backend/node_modules/express-rate-limit/dist/index.mjs:825:5
[2026-05-19 13:11:22:1122] [[31merror[39m]: [31mNot authorized, no token[39m
Error: Not authorized, no token
    at file:///C:/Users/neche/projects/ecomerce%20pern/backend/src/middleware/authMiddleware.js:11:15
    at file:///C:/Users/neche/projects/ecomerce%20pern/backend/src/utils/asyncHandler.js:3:28
    at Layer.handleRequest (C:\Users\neche\projects\ecomerce pern\backend\node_modules\router\lib\layer.js:152:17)
    at next (C:\Users\neche\projects\ecomerce pern\backend\node_modules\router\lib\route.js:157:13)
    at Route.dispatch (C:\Users\neche\projects\ecomerce pern\backend\node_modules\router\lib\route.js:117:3)
    at handle (C:\Users\neche\projects\ecomerce pern\backend\node_modules\router\index.js:435:11)
    at Layer.handleRequest (C:\Users\neche\projects\ecomerce pern\backend\node_modules\router\lib\layer.js:152:17)
    at C:\Users\neche\projects\ecomerce pern\backend\node_modules\router\index.js:295:15
    at processParams (C:\Users\neche\projects\ecomerce pern\backend\node_modules\router\index.js:582:12)
    at next (C:\Users\neche\projects\ecomerce pern\backend\node_modules\router\index.js:291:5)
[2026-05-19 13:11:22:1122] [[31merror[39m]: [31mNot authorized, no token[39m
Error: Not authorized, no token
    at file:///C:/Users/neche/projects/ecomerce%20pern/backend/src/middleware/authMiddleware.js:11:15
    at file:///C:/Users/neche/projects/ecomerce%20pern/backend/src/utils/asyncHandler.js:3:28
    at Layer.handleRequest (C:\Users\neche\projects\ecomerce pern\backend\node_modules\router\lib\layer.js:152:17)
    at next (C:\Users\neche\projects\ecomerce pern\backend\node_modules\router\lib\route.js:157:13)
    at Route.dispatch (C:\Users\neche\projects\ecomerce pern\backend\node_modules\router\lib\route.js:117:3)
    at handle (C:\Users\neche\projects\ecomerce pern\backend\node_modules\router\index.js:435:11)
    at Layer.handleRequest (C:\Users\neche\projects\ecomerce pern\backend\node_modules\router\lib\layer.js:152:17)
    at C:\Users\neche\projects\ecomerce pern\backend\node_modules\router\index.js:295:15
    at processParams (C:\Users\neche\projects\ecomerce pern\backend\node_modules\router\index.js:582:12)
    at next (C:\Users\neche\projects\ecomerce pern\backend\node_modules\router\index.js:291:5)
[2026-05-19 13:11:24:1124] [[31merror[39m]: [31mToken reuse detected. All sessions terminated.[39m
Error: Token reuse detected. All sessions terminated.
    at Object.refreshAccessToken (file:///C:/Users/neche/projects/ecomerce%20pern/backend/src/services/authService.js:124:19)
    at process.processTicksAndRejections (node:internal/process/task_queues:104:5)
    at async file:///C:/Users/neche/projects/ecomerce%20pern/backend/src/controllers/authController.js:30:20
[2026-05-19 13:11:42:1142] [[31merror[39m]: [31mNot authorized, no token[39m
Error: Not authorized, no token
    at file:///C:/Users/neche/projects/ecomerce%20pern/backend/src/middleware/authMiddleware.js:11:15
    at file:///C:/Users/neche/projects/ecomerce%20pern/backend/src/utils/asyncHandler.js:3:28
    at Layer.handleRequest (C:\Users\neche\projects\ecomerce pern\backend\node_modules\router\lib\layer.js:152:17)
    at next (C:\Users\neche\projects\ecomerce pern\backend\node_modules\router\lib\route.js:157:13)
    at Route.dispatch (C:\Users\neche\projects\ecomerce pern\backend\node_modules\router\lib\route.js:117:3)
    at handle (C:\Users\neche\projects\ecomerce pern\backend\node_modules\router\index.js:435:11)
    at Layer.handleRequest (C:\Users\neche\projects\ecomerce pern\backend\node_modules\router\lib\layer.js:152:17)
    at C:\Users\neche\projects\ecomerce pern\backend\node_modules\router\index.js:295:15
    at processParams (C:\Users\neche\projects\ecomerce pern\backend\node_modules\router\index.js:582:12)
    at next (C:\Users\neche\projects\ecomerce pern\backend\node_modules\router\index.js:291:5)
[2026-05-19 13:28:48:2848] [[31merror[39m]: [31mNot authorized, no token[39m
Error: Not authorized, no token
    at file:///C:/Users/neche/projects/ecomerce%20pern/backend/src/middleware/authMiddleware.js:11:15
    at file:///C:/Users/neche/projects/ecomerce%20pern/backend/src/utils/asyncHandler.js:3:28
    at Layer.handleRequest (C:\Users\neche\projects\ecomerce pern\backend\node_modules\router\lib\layer.js:152:17)
    at next (C:\Users\neche\projects\ecomerce pern\backend\node_modules\router\lib\route.js:157:13)
    at Route.dispatch (C:\Users\neche\projects\ecomerce pern\backend\node_modules\router\lib\route.js:117:3)
    at handle (C:\Users\neche\projects\ecomerce pern\backend\node_modules\router\index.js:435:11)
    at Layer.handleRequest (C:\Users\neche\projects\ecomerce pern\backend\node_modules\router\lib\layer.js:152:17)
    at C:\Users\neche\projects\ecomerce pern\backend\node_modules\router\index.js:295:15
    at processParams (C:\Users\neche\projects\ecomerce pern\backend\node_modules\router\index.js:582:12)
    at next (C:\Users\neche\projects\ecomerce pern\backend\node_modules\router\index.js:291:5)
[2026-05-19 13:28:48:2848] [[31merror[39m]: [31mNot authorized, no token[39m
Error: Not authorized, no token
    at file:///C:/Users/neche/projects/ecomerce%20pern/backend/src/middleware/authMiddleware.js:11:15
    at file:///C:/Users/neche/projects/ecomerce%20pern/backend/src/utils/asyncHandler.js:3:28
    at Layer.handleRequest (C:\Users\neche\projects\ecomerce pern\backend\node_modules\router\lib\layer.js:152:17)
    at next (C:\Users\neche\projects\ecomerce pern\backend\node_modules\router\lib\route.js:157:13)
    at Route.dispatch (C:\Users\neche\projects\ecomerce pern\backend\node_modules\router\lib\route.js:117:3)
    at handle (C:\Users\neche\projects\ecomerce pern\backend\node_modules\router\index.js:435:11)
    at Layer.handleRequest (C:\Users\neche\projects\ecomerce pern\backend\node_modules\router\lib\layer.js:152:17)
    at C:\Users\neche\projects\ecomerce pern\backend\node_modules\router\index.js:295:15
    at processParams (C:\Users\neche\projects\ecomerce pern\backend\node_modules\router\index.js:582:12)
    at next (C:\Users\neche\projects\ecomerce pern\backend\node_modules\router\index.js:291:5)
[2026-05-19 13:28:48:2848] [[31merror[39m]: [31mToken reuse detected. All sessions terminated.[39m
Error: Token reuse detected. All sessions terminated.
    at Object.refreshAccessToken (file:///C:/Users/neche/projects/ecomerce%20pern/backend/src/services/authService.js:124:19)
    at process.processTicksAndRejections (node:internal/process/task_queues:104:5)
    at async file:///C:/Users/neche/projects/ecomerce%20pern/backend/src/controllers/authController.js:30:20
[2026-05-19 13:28:48:2848] [[31merror[39m]: [31mToken reuse detected. All sessions terminated.[39m
Error: Token reuse detected. All sessions terminated.
    at Object.refreshAccessToken (file:///C:/Users/neche/projects/ecomerce%20pern/backend/src/services/authService.js:124:19)
    at process.processTicksAndRejections (node:internal/process/task_queues:104:5)
    at async file:///C:/Users/neche/projects/ecomerce%20pern/backend/src/controllers/authController.js:30:20
[2026-05-19 13:28:49:2849] [[31merror[39m]: [31mNot authorized, no token[39m
Error: Not authorized, no token
    at file:///C:/Users/neche/projects/ecomerce%20pern/backend/src/middleware/authMiddleware.js:11:15
    at file:///C:/Users/neche/projects/ecomerce%20pern/backend/src/utils/asyncHandler.js:3:28
    at Layer.handleRequest (C:\Users\neche\projects\ecomerce pern\backend\node_modules\router\lib\layer.js:152:17)
    at next (C:\Users\neche\projects\ecomerce pern\backend\node_modules\router\lib\route.js:157:13)
    at Route.dispatch (C:\Users\neche\projects\ecomerce pern\backend\node_modules\router\lib\route.js:117:3)
    at handle (C:\Users\neche\projects\ecomerce pern\backend\node_modules\router\index.js:435:11)
    at Layer.handleRequest (C:\Users\neche\projects\ecomerce pern\backend\node_modules\router\lib\layer.js:152:17)
    at C:\Users\neche\projects\ecomerce pern\backend\node_modules\router\index.js:295:15
    at processParams (C:\Users\neche\projects\ecomerce pern\backend\node_modules\router\index.js:582:12)
    at next (C:\Users\neche\projects\ecomerce pern\backend\node_modules\router\index.js:291:5)
[2026-05-19 13:28:49:2849] [[31merror[39m]: [31mToken reuse detected. All sessions terminated.[39m
Error: Token reuse detected. All sessions terminated.
    at Object.refreshAccessToken (file:///C:/Users/neche/projects/ecomerce%20pern/backend/src/services/authService.js:124:19)
    at process.processTicksAndRejections (node:internal/process/task_queues:104:5)
    at async file:///C:/Users/neche/projects/ecomerce%20pern/backend/src/controllers/authController.js:30:20
[2026-05-19 13:45:30:4530] [[31merror[39m]: [31mNot authorized, no token[39m
Error: Not authorized, no token
    at file:///C:/Users/neche/projects/ecomerce%20pern/backend/src/middleware/authMiddleware.js:11:15
    at file:///C:/Users/neche/projects/ecomerce%20pern/backend/src/utils/asyncHandler.js:3:28
    at Layer.handleRequest (C:\Users\neche\projects\ecomerce pern\backend\node_modules\router\lib\layer.js:152:17)
    at next (C:\Users\neche\projects\ecomerce pern\backend\node_modules\router\lib\route.js:157:13)
    at Route.dispatch (C:\Users\neche\projects\ecomerce pern\backend\node_modules\router\lib\route.js:117:3)
    at handle (C:\Users\neche\projects\ecomerce pern\backend\node_modules\router\index.js:435:11)
    at Layer.handleRequest (C:\Users\neche\projects\ecomerce pern\backend\node_modules\router\lib\layer.js:152:17)
    at C:\Users\neche\projects\ecomerce pern\backend\node_modules\router\index.js:295:15
    at processParams (C:\Users\neche\projects\ecomerce pern\backend\node_modules\router\index.js:582:12)
    at next (C:\Users\neche\projects\ecomerce pern\backend\node_modules\router\index.js:291:5)
[2026-05-19 13:45:30:4530] [[31merror[39m]: [31mNot authorized, no token[39m
Error: Not authorized, no token
    at file:///C:/Users/neche/projects/ecomerce%20pern/backend/src/middleware/authMiddleware.js:11:15
    at file:///C:/Users/neche/projects/ecomerce%20pern/backend/src/utils/asyncHandler.js:3:28
    at Layer.handleRequest (C:\Users\neche\projects\ecomerce pern\backend\node_modules\router\lib\layer.js:152:17)
    at next (C:\Users\neche\projects\ecomerce pern\backend\node_modules\router\lib\route.js:157:13)
    at Route.dispatch (C:\Users\neche\projects\ecomerce pern\backend\node_modules\router\lib\route.js:117:3)
    at handle (C:\Users\neche\projects\ecomerce pern\backend\node_modules\router\index.js:435:11)
    at Layer.handleRequest (C:\Users\neche\projects\ecomerce pern\backend\node_modules\router\lib\layer.js:152:17)
    at C:\Users\neche\projects\ecomerce pern\backend\node_modules\router\index.js:295:15
    at processParams (C:\Users\neche\projects\ecomerce pern\backend\node_modules\router\index.js:582:12)
    at next (C:\Users\neche\projects\ecomerce pern\backend\node_modules\router\index.js:291:5)
[2026-05-19 13:45:30:4530] [[31merror[39m]: [31mNot authorized, no token[39m
Error: Not authorized, no token
    at file:///C:/Users/neche/projects/ecomerce%20pern/backend/src/middleware/authMiddleware.js:11:15
    at file:///C:/Users/neche/projects/ecomerce%20pern/backend/src/utils/asyncHandler.js:3:28
    at Layer.handleRequest (C:\Users\neche\projects\ecomerce pern\backend\node_modules\router\lib\layer.js:152:17)
    at next (C:\Users\neche\projects\ecomerce pern\backend\node_modules\router\lib\route.js:157:13)
    at Route.dispatch (C:\Users\neche\projects\ecomerce pern\backend\node_modules\router\lib\route.js:117:3)
    at handle (C:\Users\neche\projects\ecomerce pern\backend\node_modules\router\index.js:435:11)
    at Layer.handleRequest (C:\Users\neche\projects\ecomerce pern\backend\node_modules\router\lib\layer.js:152:17)
    at C:\Users\neche\projects\ecomerce pern\backend\node_modules\router\index.js:295:15
    at processParams (C:\Users\neche\projects\ecomerce pern\backend\node_modules\router\index.js:582:12)
    at next (C:\Users\neche\projects\ecomerce pern\backend\node_modules\router\index.js:291:5)
[2026-05-19 13:45:30:4530] [[31merror[39m]: [31m[39m
[31mInvalid `prisma.refreshToken.create()` invocation:[39m


[31mUnique constraint failed on the fields: (`"tokenHash"`)[39m
PrismaClientKnownRequestError: 
Invalid `prisma.refreshToken.create()` invocation:


Unique constraint failed on the fields: (`"tokenHash"`)
    at zr.handleRequestError (C:\Users\neche\projects\ecomerce pern\backend\node_modules\@prisma\client\runtime\client.js:65:8286)
    at zr.handleAndLogRequestError (C:\Users\neche\projects\ecomerce pern\backend\node_modules\@prisma\client\runtime\client.js:65:7581)
    at zr.request (C:\Users\neche\projects\ecomerce pern\backend\node_modules\@prisma\client\runtime\client.js:65:7288)
    at process.processTicksAndRejections (node:internal/process/task_queues:104:5)
    at async a (C:\Users\neche\projects\ecomerce pern\backend\node_modules\@prisma\client\runtime\client.js:75:6862)
    at async buildAuthPayload (file:///C:/Users/neche/projects/ecomerce%20pern/backend/src/services/authService.js:44:5)
    at async file:///C:/Users/neche/projects/ecomerce%20pern/backend/src/controllers/authController.js:30:20
[2026-05-19 13:45:30:4530] [[31merror[39m]: [31m[39m
[31mInvalid `prisma.refreshToken.create()` invocation:[39m


[31mUnique constraint failed on the fields: (`"tokenHash"`)[39m
PrismaClientKnownRequestError: 
Invalid `prisma.refreshToken.create()` invocation:


Unique constraint failed on the fields: (`"tokenHash"`)
    at zr.handleRequestError (C:\Users\neche\projects\ecomerce pern\backend\node_modules\@prisma\client\runtime\client.js:65:8286)
    at zr.handleAndLogRequestError (C:\Users\neche\projects\ecomerce pern\backend\node_modules\@prisma\client\runtime\client.js:65:7581)
    at zr.request (C:\Users\neche\projects\ecomerce pern\backend\node_modules\@prisma\client\runtime\client.js:65:7288)
    at process.processTicksAndRejections (node:internal/process/task_queues:104:5)
    at async a (C:\Users\neche\projects\ecomerce pern\backend\node_modules\@prisma\client\runtime\client.js:75:6862)
    at async buildAuthPayload (file:///C:/Users/neche/projects/ecomerce%20pern/backend/src/services/authService.js:44:5)
    at async file:///C:/Users/neche/projects/ecomerce%20pern/backend/src/controllers/authController.js:30:20
[2026-05-19 13:47:47:4747] [[31merror[39m]: [31mNot authorized, no token[39m
Error: Not authorized, no token
    at file:///C:/Users/neche/projects/ecomerce%20pern/backend/src/middleware/authMiddleware.js:11:15
    at file:///C:/Users/neche/projects/ecomerce%20pern/backend/src/utils/asyncHandler.js:3:28
    at Layer.handleRequest (C:\Users\neche\projects\ecomerce pern\backend\node_modules\router\lib\layer.js:152:17)
    at next (C:\Users\neche\projects\ecomerce pern\backend\node_modules\router\lib\route.js:157:13)
    at Route.dispatch (C:\Users\neche\projects\ecomerce pern\backend\node_modules\router\lib\route.js:117:3)
    at handle (C:\Users\neche\projects\ecomerce pern\backend\node_modules\router\index.js:435:11)
    at Layer.handleRequest (C:\Users\neche\projects\ecomerce pern\backend\node_modules\router\lib\layer.js:152:17)
    at C:\Users\neche\projects\ecomerce pern\backend\node_modules\router\index.js:295:15
    at processParams (C:\Users\neche\projects\ecomerce pern\backend\node_modules\router\index.js:582:12)
    at next (C:\Users\neche\projects\ecomerce pern\backend\node_modules\router\index.js:291:5)
[2026-05-19 14:05:51:551] [[31merror[39m]: [31mNot authorized, no token[39m
Error: Not authorized, no token
    at file:///C:/Users/neche/projects/ecomerce%20pern/backend/src/middleware/authMiddleware.js:11:15
    at file:///C:/Users/neche/projects/ecomerce%20pern/backend/src/utils/asyncHandler.js:3:28
    at Layer.handleRequest (C:\Users\neche\projects\ecomerce pern\backend\node_modules\router\lib\layer.js:152:17)
    at next (C:\Users\neche\projects\ecomerce pern\backend\node_modules\router\lib\route.js:157:13)
    at Route.dispatch (C:\Users\neche\projects\ecomerce pern\backend\node_modules\router\lib\route.js:117:3)
    at handle (C:\Users\neche\projects\ecomerce pern\backend\node_modules\router\index.js:435:11)
    at Layer.handleRequest (C:\Users\neche\projects\ecomerce pern\backend\node_modules\router\lib\layer.js:152:17)
    at C:\Users\neche\projects\ecomerce pern\backend\node_modules\router\index.js:295:15
    at processParams (C:\Users\neche\projects\ecomerce pern\backend\node_modules\router\index.js:582:12)
    at next (C:\Users\neche\projects\ecomerce pern\backend\node_modules\router\index.js:291:5)
[2026-05-19 14:05:51:551] [[31merror[39m]: [31mNot authorized, no token[39m
Error: Not authorized, no token
    at file:///C:/Users/neche/projects/ecomerce%20pern/backend/src/middleware/authMiddleware.js:11:15
    at file:///C:/Users/neche/projects/ecomerce%20pern/backend/src/utils/asyncHandler.js:3:28
    at Layer.handleRequest (C:\Users\neche\projects\ecomerce pern\backend\node_modules\router\lib\layer.js:152:17)
    at next (C:\Users\neche\projects\ecomerce pern\backend\node_modules\router\lib\route.js:157:13)
    at Route.dispatch (C:\Users\neche\projects\ecomerce pern\backend\node_modules\router\lib\route.js:117:3)
    at handle (C:\Users\neche\projects\ecomerce pern\backend\node_modules\router\index.js:435:11)
    at Layer.handleRequest (C:\Users\neche\projects\ecomerce pern\backend\node_modules\router\lib\layer.js:152:17)
    at C:\Users\neche\projects\ecomerce pern\backend\node_modules\router\index.js:295:15
    at processParams (C:\Users\neche\projects\ecomerce pern\backend\node_modules\router\index.js:582:12)
    at next (C:\Users\neche\projects\ecomerce pern\backend\node_modules\router\index.js:291:5)
[2026-05-19 14:05:52:552] [[31merror[39m]: [31m[39m
[31mInvalid `prisma.refreshToken.create()` invocation:[39m


[31mUnique constraint failed on the fields: (`"tokenHash"`)[39m
PrismaClientKnownRequestError: 
Invalid `prisma.refreshToken.create()` invocation:


Unique constraint failed on the fields: (`"tokenHash"`)
    at zr.handleRequestError (C:\Users\neche\projects\ecomerce pern\backend\node_modules\@prisma\client\runtime\client.js:65:8286)
    at zr.handleAndLogRequestError (C:\Users\neche\projects\ecomerce pern\backend\node_modules\@prisma\client\runtime\client.js:65:7581)
    at zr.request (C:\Users\neche\projects\ecomerce pern\backend\node_modules\@prisma\client\runtime\client.js:65:7288)
    at process.processTicksAndRejections (node:internal/process/task_queues:104:5)
    at async a (C:\Users\neche\projects\ecomerce pern\backend\node_modules\@prisma\client\runtime\client.js:75:6862)
    at async buildAuthPayload (file:///C:/Users/neche/projects/ecomerce%20pern/backend/src/services/authService.js:44:5)
    at async file:///C:/Users/neche/projects/ecomerce%20pern/backend/src/controllers/authController.js:30:20
[2026-05-19 14:06:30:630] [[31merror[39m]: [31mNot authorized, no token[39m
Error: Not authorized, no token
    at file:///C:/Users/neche/projects/ecomerce%20pern/backend/src/middleware/authMiddleware.js:11:15
    at file:///C:/Users/neche/projects/ecomerce%20pern/backend/src/utils/asyncHandler.js:3:28
    at Layer.handleRequest (C:\Users\neche\projects\ecomerce pern\backend\node_modules\router\lib\layer.js:152:17)
    at next (C:\Users\neche\projects\ecomerce pern\backend\node_modules\router\lib\route.js:157:13)
    at Route.dispatch (C:\Users\neche\projects\ecomerce pern\backend\node_modules\router\lib\route.js:117:3)
    at handle (C:\Users\neche\projects\ecomerce pern\backend\node_modules\router\index.js:435:11)
    at Layer.handleRequest (C:\Users\neche\projects\ecomerce pern\backend\node_modules\router\lib\layer.js:152:17)
    at C:\Users\neche\projects\ecomerce pern\backend\node_modules\router\index.js:295:15
    at processParams (C:\Users\neche\projects\ecomerce pern\backend\node_modules\router\index.js:582:12)
    at next (C:\Users\neche\projects\ecomerce pern\backend\node_modules\router\index.js:291:5)
[2026-05-19 14:06:30:630] [[31merror[39m]: [31mNot authorized, no token[39m
Error: Not authorized, no token
    at file:///C:/Users/neche/projects/ecomerce%20pern/backend/src/middleware/authMiddleware.js:11:15
    at file:///C:/Users/neche/projects/ecomerce%20pern/backend/src/utils/asyncHandler.js:3:28
    at Layer.handleRequest (C:\Users\neche\projects\ecomerce pern\backend\node_modules\router\lib\layer.js:152:17)
    at next (C:\Users\neche\projects\ecomerce pern\backend\node_modules\router\lib\route.js:157:13)
    at Route.dispatch (C:\Users\neche\projects\ecomerce pern\backend\node_modules\router\lib\route.js:117:3)
    at handle (C:\Users\neche\projects\ecomerce pern\backend\node_modules\router\index.js:435:11)
    at Layer.handleRequest (C:\Users\neche\projects\ecomerce pern\backend\node_modules\router\lib\layer.js:152:17)
    at C:\Users\neche\projects\ecomerce pern\backend\node_modules\router\index.js:295:15
    at param (C:\Users\neche\projects\ecomerce pern\backend\node_modules\router\index.js:600:14)
    at param (C:\Users\neche\projects\ecomerce pern\backend\node_modules\router\index.js:610:14)
[2026-05-19 14:06:30:630] [[31merror[39m]: [31m[39m
[31mInvalid `prisma.refreshToken.create()` invocation:[39m


[31mUnique constraint failed on the fields: (`"tokenHash"`)[39m
PrismaClientKnownRequestError: 
Invalid `prisma.refreshToken.create()` invocation:


Unique constraint failed on the fields: (`"tokenHash"`)
    at zr.handleRequestError (C:\Users\neche\projects\ecomerce pern\backend\node_modules\@prisma\client\runtime\client.js:65:8286)
    at zr.handleAndLogRequestError (C:\Users\neche\projects\ecomerce pern\backend\node_modules\@prisma\client\runtime\client.js:65:7581)
    at zr.request (C:\Users\neche\projects\ecomerce pern\backend\node_modules\@prisma\client\runtime\client.js:65:7288)
    at process.processTicksAndRejections (node:internal/process/task_queues:104:5)
    at async a (C:\Users\neche\projects\ecomerce pern\backend\node_modules\@prisma\client\runtime\client.js:75:6862)
    at async buildAuthPayload (file:///C:/Users/neche/projects/ecomerce%20pern/backend/src/services/authService.js:44:5)
    at async file:///C:/Users/neche/projects/ecomerce%20pern/backend/src/controllers/authController.js:30:20
[2026-05-19 14:27:06:276] [[31merror[39m]: [31mNot authorized, no token[39m
Error: Not authorized, no token
    at file:///C:/Users/neche/projects/ecomerce%20pern/backend/src/middleware/authMiddleware.js:11:15
    at file:///C:/Users/neche/projects/ecomerce%20pern/backend/src/utils/asyncHandler.js:3:28
    at Layer.handleRequest (C:\Users\neche\projects\ecomerce pern\backend\node_modules\router\lib\layer.js:152:17)
    at next (C:\Users\neche\projects\ecomerce pern\backend\node_modules\router\lib\route.js:157:13)
    at Route.dispatch (C:\Users\neche\projects\ecomerce pern\backend\node_modules\router\lib\route.js:117:3)
    at handle (C:\Users\neche\projects\ecomerce pern\backend\node_modules\router\index.js:435:11)
    at Layer.handleRequest (C:\Users\neche\projects\ecomerce pern\backend\node_modules\router\lib\layer.js:152:17)
    at C:\Users\neche\projects\ecomerce pern\backend\node_modules\router\index.js:295:15
    at processParams (C:\Users\neche\projects\ecomerce pern\backend\node_modules\router\index.js:582:12)
    at next (C:\Users\neche\projects\ecomerce pern\backend\node_modules\router\index.js:291:5)
[2026-05-19 14:27:06:276] [[31merror[39m]: [31mNot authorized, no token[39m
Error: Not authorized, no token
    at file:///C:/Users/neche/projects/ecomerce%20pern/backend/src/middleware/authMiddleware.js:11:15
    at file:///C:/Users/neche/projects/ecomerce%20pern/backend/src/utils/asyncHandler.js:3:28
    at Layer.handleRequest (C:\Users\neche\projects\ecomerce pern\backend\node_modules\router\lib\layer.js:152:17)
    at next (C:\Users\neche\projects\ecomerce pern\backend\node_modules\router\lib\route.js:157:13)
    at Route.dispatch (C:\Users\neche\projects\ecomerce pern\backend\node_modules\router\lib\route.js:117:3)
    at handle (C:\Users\neche\projects\ecomerce pern\backend\node_modules\router\index.js:435:11)
    at Layer.handleRequest (C:\Users\neche\projects\ecomerce pern\backend\node_modules\router\lib\layer.js:152:17)
    at C:\Users\neche\projects\ecomerce pern\backend\node_modules\router\index.js:295:15
    at processParams (C:\Users\neche\projects\ecomerce pern\backend\node_modules\router\index.js:582:12)
    at next (C:\Users\neche\projects\ecomerce pern\backend\node_modules\router\index.js:291:5)
[2026-05-19 14:27:13:2713] [[31merror[39m]: [31mNot authorized, no token[39m
Error: Not authorized, no token
    at file:///C:/Users/neche/projects/ecomerce%20pern/backend/src/middleware/authMiddleware.js:11:15
    at file:///C:/Users/neche/projects/ecomerce%20pern/backend/src/utils/asyncHandler.js:3:28
    at Layer.handleRequest (C:\Users\neche\projects\ecomerce pern\backend\node_modules\router\lib\layer.js:152:17)
    at next (C:\Users\neche\projects\ecomerce pern\backend\node_modules\router\lib\route.js:157:13)
    at Route.dispatch (C:\Users\neche\projects\ecomerce pern\backend\node_modules\router\lib\route.js:117:3)
    at handle (C:\Users\neche\projects\ecomerce pern\backend\node_modules\router\index.js:435:11)
    at Layer.handleRequest (C:\Users\neche\projects\ecomerce pern\backend\node_modules\router\lib\layer.js:152:17)
    at C:\Users\neche\projects\ecomerce pern\backend\node_modules\router\index.js:295:15
    at processParams (C:\Users\neche\projects\ecomerce pern\backend\node_modules\router\index.js:582:12)
    at next (C:\Users\neche\projects\ecomerce pern\backend\node_modules\router\index.js:291:5)
[2026-05-19 14:27:13:2713] [[31merror[39m]: [31mToken reuse detected. All sessions terminated.[39m
Error: Token reuse detected. All sessions terminated.
    at Object.refreshAccessToken (file:///C:/Users/neche/projects/ecomerce%20pern/backend/src/services/authService.js:124:19)
    at process.processTicksAndRejections (node:internal/process/task_queues:104:5)
    at async file:///C:/Users/neche/projects/ecomerce%20pern/backend/src/controllers/authController.js:30:20
[2026-05-19 14:27:29:2729] [[31merror[39m]: [31mInvalid email or password[39m
Error: Invalid email or password
    at Object.login (file:///C:/Users/neche/projects/ecomerce%20pern/backend/src/services/authService.js:90:19)
    at async file:///C:/Users/neche/projects/ecomerce%20pern/backend/src/controllers/authController.js:41:20
[2026-05-19 14:43:15:4315] [[31merror[39m]: [31mNot authorized, no token[39m
Error: Not authorized, no token
    at file:///C:/Users/neche/projects/ecomerce%20pern/backend/src/middleware/authMiddleware.js:11:15
    at file:///C:/Users/neche/projects/ecomerce%20pern/backend/src/utils/asyncHandler.js:3:28
    at Layer.handleRequest (C:\Users\neche\projects\ecomerce pern\backend\node_modules\router\lib\layer.js:152:17)
    at next (C:\Users\neche\projects\ecomerce pern\backend\node_modules\router\lib\route.js:157:13)
    at Route.dispatch (C:\Users\neche\projects\ecomerce pern\backend\node_modules\router\lib\route.js:117:3)
    at handle (C:\Users\neche\projects\ecomerce pern\backend\node_modules\router\index.js:435:11)
    at Layer.handleRequest (C:\Users\neche\projects\ecomerce pern\backend\node_modules\router\lib\layer.js:152:17)
    at C:\Users\neche\projects\ecomerce pern\backend\node_modules\router\index.js:295:15
    at processParams (C:\Users\neche\projects\ecomerce pern\backend\node_modules\router\index.js:582:12)
    at next (C:\Users\neche\projects\ecomerce pern\backend\node_modules\router\index.js:291:5)
[2026-05-19 14:43:15:4315] [[31merror[39m]: [31mNot authorized, no token[39m
Error: Not authorized, no token
    at file:///C:/Users/neche/projects/ecomerce%20pern/backend/src/middleware/authMiddleware.js:11:15
    at file:///C:/Users/neche/projects/ecomerce%20pern/backend/src/utils/asyncHandler.js:3:28
    at Layer.handleRequest (C:\Users\neche\projects\ecomerce pern\backend\node_modules\router\lib\layer.js:152:17)
    at next (C:\Users\neche\projects\ecomerce pern\backend\node_modules\router\lib\route.js:157:13)
    at Route.dispatch (C:\Users\neche\projects\ecomerce pern\backend\node_modules\router\lib\route.js:117:3)
    at handle (C:\Users\neche\projects\ecomerce pern\backend\node_modules\router\index.js:435:11)
    at Layer.handleRequest (C:\Users\neche\projects\ecomerce pern\backend\node_modules\router\lib\layer.js:152:17)
    at C:\Users\neche\projects\ecomerce pern\backend\node_modules\router\index.js:295:15
    at processParams (C:\Users\neche\projects\ecomerce pern\backend\node_modules\router\index.js:582:12)
    at next (C:\Users\neche\projects\ecomerce pern\backend\node_modules\router\index.js:291:5)
[2026-05-19 14:43:15:4315] [[31merror[39m]: [31mNot authorized, no token[39m
Error: Not authorized, no token
    at file:///C:/Users/neche/projects/ecomerce%20pern/backend/src/middleware/authMiddleware.js:11:15
    at file:///C:/Users/neche/projects/ecomerce%20pern/backend/src/utils/asyncHandler.js:3:28
    at Layer.handleRequest (C:\Users\neche\projects\ecomerce pern\backend\node_modules\router\lib\layer.js:152:17)
    at next (C:\Users\neche\projects\ecomerce pern\backend\node_modules\router\lib\route.js:157:13)
    at Route.dispatch (C:\Users\neche\projects\ecomerce pern\backend\node_modules\router\lib\route.js:117:3)
    at handle (C:\Users\neche\projects\ecomerce pern\backend\node_modules\router\index.js:435:11)
    at Layer.handleRequest (C:\Users\neche\projects\ecomerce pern\backend\node_modules\router\lib\layer.js:152:17)
    at C:\Users\neche\projects\ecomerce pern\backend\node_modules\router\index.js:295:15
    at processParams (C:\Users\neche\projects\ecomerce pern\backend\node_modules\router\index.js:582:12)
    at next (C:\Users\neche\projects\ecomerce pern\backend\node_modules\router\index.js:291:5)
[2026-05-19 14:59:20:5920] [[31merror[39m]: [31mNot authorized, no token[39m
Error: Not authorized, no token
    at file:///C:/Users/neche/projects/ecomerce%20pern/backend/src/middleware/authMiddleware.js:11:15
    at file:///C:/Users/neche/projects/ecomerce%20pern/backend/src/utils/asyncHandler.js:3:28
    at Layer.handleRequest (C:\Users\neche\projects\ecomerce pern\backend\node_modules\router\lib\layer.js:152:17)
    at next (C:\Users\neche\projects\ecomerce pern\backend\node_modules\router\lib\route.js:157:13)
    at Route.dispatch (C:\Users\neche\projects\ecomerce pern\backend\node_modules\router\lib\route.js:117:3)
    at handle (C:\Users\neche\projects\ecomerce pern\backend\node_modules\router\index.js:435:11)
    at Layer.handleRequest (C:\Users\neche\projects\ecomerce pern\backend\node_modules\router\lib\layer.js:152:17)
    at C:\Users\neche\projects\ecomerce pern\backend\node_modules\router\index.js:295:15
    at processParams (C:\Users\neche\projects\ecomerce pern\backend\node_modules\router\index.js:582:12)
    at next (C:\Users\neche\projects\ecomerce pern\backend\node_modules\router\index.js:291:5)
[2026-05-19 14:59:20:5920] [[31merror[39m]: [31mNot authorized, no token[39m
Error: Not authorized, no token
    at file:///C:/Users/neche/projects/ecomerce%20pern/backend/src/middleware/authMiddleware.js:11:15
    at file:///C:/Users/neche/projects/ecomerce%20pern/backend/src/utils/asyncHandler.js:3:28
    at Layer.handleRequest (C:\Users\neche\projects\ecomerce pern\backend\node_modules\router\lib\layer.js:152:17)
    at next (C:\Users\neche\projects\ecomerce pern\backend\node_modules\router\lib\route.js:157:13)
    at Route.dispatch (C:\Users\neche\projects\ecomerce pern\backend\node_modules\router\lib\route.js:117:3)
    at handle (C:\Users\neche\projects\ecomerce pern\backend\node_modules\router\index.js:435:11)
    at Layer.handleRequest (C:\Users\neche\projects\ecomerce pern\backend\node_modules\router\lib\layer.js:152:17)
    at C:\Users\neche\projects\ecomerce pern\backend\node_modules\router\index.js:295:15
    at processParams (C:\Users\neche\projects\ecomerce pern\backend\node_modules\router\index.js:582:12)
    at next (C:\Users\neche\projects\ecomerce pern\backend\node_modules\router\index.js:291:5)
[2026-05-19 15:35:44:3544] [[31merror[39m]: [31mNot authorized, no token[39m
Error: Not authorized, no token
    at file:///C:/Users/neche/projects/ecomerce%20pern/backend/src/middleware/authMiddleware.js:11:15
    at file:///C:/Users/neche/projects/ecomerce%20pern/backend/src/utils/asyncHandler.js:3:28
    at Layer.handleRequest (C:\Users\neche\projects\ecomerce pern\backend\node_modules\router\lib\layer.js:152:17)
    at next (C:\Users\neche\projects\ecomerce pern\backend\node_modules\router\lib\route.js:157:13)
    at Route.dispatch (C:\Users\neche\projects\ecomerce pern\backend\node_modules\router\lib\route.js:117:3)
    at handle (C:\Users\neche\projects\ecomerce pern\backend\node_modules\router\index.js:435:11)
    at Layer.handleRequest (C:\Users\neche\projects\ecomerce pern\backend\node_modules\router\lib\layer.js:152:17)
    at C:\Users\neche\projects\ecomerce pern\backend\node_modules\router\index.js:295:15
    at processParams (C:\Users\neche\projects\ecomerce pern\backend\node_modules\router\index.js:582:12)
    at next (C:\Users\neche\projects\ecomerce pern\backend\node_modules\router\index.js:291:5)
[2026-05-19 15:35:45:3545] [[31merror[39m]: [31mRefresh token missing[39m
Error: Refresh token missing
    at file:///C:/Users/neche/projects/ecomerce%20pern/backend/src/controllers/authController.js:27:15
    at file:///C:/Users/neche/projects/ecomerce%20pern/backend/src/utils/asyncHandler.js:3:28
    at Layer.handleRequest (C:\Users\neche\projects\ecomerce pern\backend\node_modules\router\lib\layer.js:152:17)
    at next (C:\Users\neche\projects\ecomerce pern\backend\node_modules\router\lib\route.js:157:13)
    at file:///C:/Users/neche/projects/ecomerce%20pern/backend/node_modules/express-rate-limit/dist/index.mjs:970:7
    at process.processTicksAndRejections (node:internal/process/task_queues:104:5)
    at async file:///C:/Users/neche/projects/ecomerce%20pern/backend/node_modules/express-rate-limit/dist/index.mjs:825:5
[2026-05-19 15:36:04:364] [[31merror[39m]: [31mNot authorized, no token[39m
Error: Not authorized, no token
    at file:///C:/Users/neche/projects/ecomerce%20pern/backend/src/middleware/authMiddleware.js:11:15
    at file:///C:/Users/neche/projects/ecomerce%20pern/backend/src/utils/asyncHandler.js:3:28
    at Layer.handleRequest (C:\Users\neche\projects\ecomerce pern\backend\node_modules\router\lib\layer.js:152:17)
    at next (C:\Users\neche\projects\ecomerce pern\backend\node_modules\router\lib\route.js:157:13)
    at Route.dispatch (C:\Users\neche\projects\ecomerce pern\backend\node_modules\router\lib\route.js:117:3)
    at handle (C:\Users\neche\projects\ecomerce pern\backend\node_modules\router\index.js:435:11)
    at Layer.handleRequest (C:\Users\neche\projects\ecomerce pern\backend\node_modules\router\lib\layer.js:152:17)
    at C:\Users\neche\projects\ecomerce pern\backend\node_modules\router\index.js:295:15
    at processParams (C:\Users\neche\projects\ecomerce pern\backend\node_modules\router\index.js:582:12)
    at next (C:\Users\neche\projects\ecomerce pern\backend\node_modules\router\index.js:291:5)
[2026-05-19 15:36:05:365] [[31merror[39m]: [31mRefresh token missing[39m
Error: Refresh token missing
    at file:///C:/Users/neche/projects/ecomerce%20pern/backend/src/controllers/authController.js:27:15
    at file:///C:/Users/neche/projects/ecomerce%20pern/backend/src/utils/asyncHandler.js:3:28
    at Layer.handleRequest (C:\Users\neche\projects\ecomerce pern\backend\node_modules\router\lib\layer.js:152:17)
    at next (C:\Users\neche\projects\ecomerce pern\backend\node_modules\router\lib\route.js:157:13)
    at file:///C:/Users/neche/projects/ecomerce%20pern/backend/node_modules/express-rate-limit/dist/index.mjs:970:7
    at process.processTicksAndRejections (node:internal/process/task_queues:104:5)
    at async file:///C:/Users/neche/projects/ecomerce%20pern/backend/node_modules/express-rate-limit/dist/index.mjs:825:5
[2026-05-19 16:14:27:1427] [[31merror[39m]: [31mNot authorized, no token[39m
Error: Not authorized, no token
    at file:///C:/Users/neche/projects/ecomerce%20pern/backend/src/middleware/authMiddleware.js:11:15
    at file:///C:/Users/neche/projects/ecomerce%20pern/backend/src/utils/asyncHandler.js:3:28
    at Layer.handleRequest (C:\Users\neche\projects\ecomerce pern\backend\node_modules\router\lib\layer.js:152:17)
    at next (C:\Users\neche\projects\ecomerce pern\backend\node_modules\router\lib\route.js:157:13)
    at Route.dispatch (C:\Users\neche\projects\ecomerce pern\backend\node_modules\router\lib\route.js:117:3)
    at handle (C:\Users\neche\projects\ecomerce pern\backend\node_modules\router\index.js:435:11)
    at Layer.handleRequest (C:\Users\neche\projects\ecomerce pern\backend\node_modules\router\lib\layer.js:152:17)
    at C:\Users\neche\projects\ecomerce pern\backend\node_modules\router\index.js:295:15
    at processParams (C:\Users\neche\projects\ecomerce pern\backend\node_modules\router\index.js:582:12)
    at next (C:\Users\neche\projects\ecomerce pern\backend\node_modules\router\index.js:291:5)
[2026-05-19 16:14:27:1427] [[31merror[39m]: [31mNot authorized, no token[39m
Error: Not authorized, no token
    at file:///C:/Users/neche/projects/ecomerce%20pern/backend/src/middleware/authMiddleware.js:11:15
    at file:///C:/Users/neche/projects/ecomerce%20pern/backend/src/utils/asyncHandler.js:3:28
    at Layer.handleRequest (C:\Users\neche\projects\ecomerce pern\backend\node_modules\router\lib\layer.js:152:17)
    at next (C:\Users\neche\projects\ecomerce pern\backend\node_modules\router\lib\route.js:157:13)
    at Route.dispatch (C:\Users\neche\projects\ecomerce pern\backend\node_modules\router\lib\route.js:117:3)
    at handle (C:\Users\neche\projects\ecomerce pern\backend\node_modules\router\index.js:435:11)
    at Layer.handleRequest (C:\Users\neche\projects\ecomerce pern\backend\node_modules\router\lib\layer.js:152:17)
    at C:\Users\neche\projects\ecomerce pern\backend\node_modules\router\index.js:295:15
    at processParams (C:\Users\neche\projects\ecomerce pern\backend\node_modules\router\index.js:582:12)
    at next (C:\Users\neche\projects\ecomerce pern\backend\node_modules\router\index.js:291:5)
[2026-05-19 16:14:27:1427] [[31merror[39m]: [31mNot authorized, no token[39m
Error: Not authorized, no token
    at file:///C:/Users/neche/projects/ecomerce%20pern/backend/src/middleware/authMiddleware.js:11:15
    at file:///C:/Users/neche/projects/ecomerce%20pern/backend/src/utils/asyncHandler.js:3:28
    at Layer.handleRequest (C:\Users\neche\projects\ecomerce pern\backend\node_modules\router\lib\layer.js:152:17)
    at next (C:\Users\neche\projects\ecomerce pern\backend\node_modules\router\lib\route.js:157:13)
    at Route.dispatch (C:\Users\neche\projects\ecomerce pern\backend\node_modules\router\lib\route.js:117:3)
    at handle (C:\Users\neche\projects\ecomerce pern\backend\node_modules\router\index.js:435:11)
    at Layer.handleRequest (C:\Users\neche\projects\ecomerce pern\backend\node_modules\router\lib\layer.js:152:17)
    at C:\Users\neche\projects\ecomerce pern\backend\node_modules\router\index.js:295:15
    at processParams (C:\Users\neche\projects\ecomerce pern\backend\node_modules\router\index.js:582:12)
    at next (C:\Users\neche\projects\ecomerce pern\backend\node_modules\router\index.js:291:5)
[2026-05-19 16:14:28:1428] [[31merror[39m]: [31mNot authorized, no token[39m
Error: Not authorized, no token
    at file:///C:/Users/neche/projects/ecomerce%20pern/backend/src/middleware/authMiddleware.js:11:15
    at file:///C:/Users/neche/projects/ecomerce%20pern/backend/src/utils/asyncHandler.js:3:28
    at Layer.handleRequest (C:\Users\neche\projects\ecomerce pern\backend\node_modules\router\lib\layer.js:152:17)
    at next (C:\Users\neche\projects\ecomerce pern\backend\node_modules\router\lib\route.js:157:13)
    at Route.dispatch (C:\Users\neche\projects\ecomerce pern\backend\node_modules\router\lib\route.js:117:3)
    at handle (C:\Users\neche\projects\ecomerce pern\backend\node_modules\router\index.js:435:11)
    at Layer.handleRequest (C:\Users\neche\projects\ecomerce pern\backend\node_modules\router\lib\layer.js:152:17)
    at C:\Users\neche\projects\ecomerce pern\backend\node_modules\router\index.js:295:15
    at processParams (C:\Users\neche\projects\ecomerce pern\backend\node_modules\router\index.js:582:12)
    at next (C:\Users\neche\projects\ecomerce pern\backend\node_modules\router\index.js:291:5)
[2026-05-19 16:14:31:1431] [[31merror[39m]: [31mInvalid or expired refresh token[39m
Error: Invalid or expired refresh token
    at Object.refreshAccessToken (file:///C:/Users/neche/projects/ecomerce%20pern/backend/src/services/authService.js:114:19)
    at process.processTicksAndRejections (node:internal/process/task_queues:104:5)
    at async file:///C:/Users/neche/projects/ecomerce%20pern/backend/src/controllers/authController.js:30:20
[2026-05-19 17:47:10:4710] [[31merror[39m]: [31mNot authorized, no token[39m
Error: Not authorized, no token
    at file:///C:/Users/neche/projects/ecomerce%20pern/backend/src/middleware/authMiddleware.js:11:15
    at file:///C:/Users/neche/projects/ecomerce%20pern/backend/src/utils/asyncHandler.js:3:28
    at Layer.handleRequest (C:\Users\neche\projects\ecomerce pern\backend\node_modules\router\lib\layer.js:152:17)
    at next (C:\Users\neche\projects\ecomerce pern\backend\node_modules\router\lib\route.js:157:13)
    at Route.dispatch (C:\Users\neche\projects\ecomerce pern\backend\node_modules\router\lib\route.js:117:3)
    at handle (C:\Users\neche\projects\ecomerce pern\backend\node_modules\router\index.js:435:11)
    at Layer.handleRequest (C:\Users\neche\projects\ecomerce pern\backend\node_modules\router\lib\layer.js:152:17)
    at C:\Users\neche\projects\ecomerce pern\backend\node_modules\router\index.js:295:15
    at processParams (C:\Users\neche\projects\ecomerce pern\backend\node_modules\router\index.js:582:12)
    at next (C:\Users\neche\projects\ecomerce pern\backend\node_modules\router\index.js:291:5)
[2026-05-19 17:47:11:4711] [[31merror[39m]: [31mRefresh token missing[39m
Error: Refresh token missing
    at file:///C:/Users/neche/projects/ecomerce%20pern/backend/src/controllers/authController.js:27:15
    at file:///C:/Users/neche/projects/ecomerce%20pern/backend/src/utils/asyncHandler.js:3:28
    at Layer.handleRequest (C:\Users\neche\projects\ecomerce pern\backend\node_modules\router\lib\layer.js:152:17)
    at next (C:\Users\neche\projects\ecomerce pern\backend\node_modules\router\lib\route.js:157:13)
    at file:///C:/Users/neche/projects/ecomerce%20pern/backend/node_modules/express-rate-limit/dist/index.mjs:970:7
    at process.processTicksAndRejections (node:internal/process/task_queues:104:5)
    at async file:///C:/Users/neche/projects/ecomerce%20pern/backend/node_modules/express-rate-limit/dist/index.mjs:825:5
[2026-05-19 17:47:22:4722] [[31merror[39m]: [31mNot authorized, no token[39m
Error: Not authorized, no token
    at file:///C:/Users/neche/projects/ecomerce%20pern/backend/src/middleware/authMiddleware.js:11:15
    at file:///C:/Users/neche/projects/ecomerce%20pern/backend/src/utils/asyncHandler.js:3:28
    at Layer.handleRequest (C:\Users\neche\projects\ecomerce pern\backend\node_modules\router\lib\layer.js:152:17)
    at next (C:\Users\neche\projects\ecomerce pern\backend\node_modules\router\lib\route.js:157:13)
    at Route.dispatch (C:\Users\neche\projects\ecomerce pern\backend\node_modules\router\lib\route.js:117:3)
    at handle (C:\Users\neche\projects\ecomerce pern\backend\node_modules\router\index.js:435:11)
    at Layer.handleRequest (C:\Users\neche\projects\ecomerce pern\backend\node_modules\router\lib\layer.js:152:17)
    at C:\Users\neche\projects\ecomerce pern\backend\node_modules\router\index.js:295:15
    at processParams (C:\Users\neche\projects\ecomerce pern\backend\node_modules\router\index.js:582:12)
    at next (C:\Users\neche\projects\ecomerce pern\backend\node_modules\router\index.js:291:5)
[2026-05-19 17:47:23:4723] [[31merror[39m]: [31mRefresh token missing[39m
Error: Refresh token missing
    at file:///C:/Users/neche/projects/ecomerce%20pern/backend/src/controllers/authController.js:27:15
    at file:///C:/Users/neche/projects/ecomerce%20pern/backend/src/utils/asyncHandler.js:3:28
    at Layer.handleRequest (C:\Users\neche\projects\ecomerce pern\backend\node_modules\router\lib\layer.js:152:17)
    at next (C:\Users\neche\projects\ecomerce pern\backend\node_modules\router\lib\route.js:157:13)
    at file:///C:/Users/neche/projects/ecomerce%20pern/backend/node_modules/express-rate-limit/dist/index.mjs:970:7
    at process.processTicksAndRejections (node:internal/process/task_queues:104:5)
    at async file:///C:/Users/neche/projects/ecomerce%20pern/backend/node_modules/express-rate-limit/dist/index.mjs:825:5
[2026-05-19 17:52:35:5235] [[31merror[39m]: [31mNot authorized, no token[39m
Error: Not authorized, no token
    at file:///C:/Users/neche/projects/ecomerce%20pern/backend/src/middleware/authMiddleware.js:11:15
    at file:///C:/Users/neche/projects/ecomerce%20pern/backend/src/utils/asyncHandler.js:3:28
    at Layer.handleRequest (C:\Users\neche\projects\ecomerce pern\backend\node_modules\router\lib\layer.js:152:17)
    at next (C:\Users\neche\projects\ecomerce pern\backend\node_modules\router\lib\route.js:157:13)
    at Route.dispatch (C:\Users\neche\projects\ecomerce pern\backend\node_modules\router\lib\route.js:117:3)
    at handle (C:\Users\neche\projects\ecomerce pern\backend\node_modules\router\index.js:435:11)
    at Layer.handleRequest (C:\Users\neche\projects\ecomerce pern\backend\node_modules\router\lib\layer.js:152:17)
    at C:\Users\neche\projects\ecomerce pern\backend\node_modules\router\index.js:295:15
    at processParams (C:\Users\neche\projects\ecomerce pern\backend\node_modules\router\index.js:582:12)
    at next (C:\Users\neche\projects\ecomerce pern\backend\node_modules\router\index.js:291:5)
[2026-05-19 17:52:35:5235] [[31merror[39m]: [31mRefresh token missing[39m
Error: Refresh token missing
    at file:///C:/Users/neche/projects/ecomerce%20pern/backend/src/controllers/authController.js:27:15
    at file:///C:/Users/neche/projects/ecomerce%20pern/backend/src/utils/asyncHandler.js:3:28
    at Layer.handleRequest (C:\Users\neche\projects\ecomerce pern\backend\node_modules\router\lib\layer.js:152:17)
    at next (C:\Users\neche\projects\ecomerce pern\backend\node_modules\router\lib\route.js:157:13)
    at file:///C:/Users/neche/projects/ecomerce%20pern/backend/node_modules/express-rate-limit/dist/index.mjs:970:7
    at process.processTicksAndRejections (node:internal/process/task_queues:104:5)
    at async file:///C:/Users/neche/projects/ecomerce%20pern/backend/node_modules/express-rate-limit/dist/index.mjs:825:5
